pylint ratchet: src/app.py scores 9.4241, below its recorded 9.4675 -- the per-file ratchet is non-decreasing (D-99)
pylint ratchet: src/calculator/champions/aphelios.py scores 9.3878, below its recorded 9.5699 -- the per-file ratchet is non-decreasing (D-99)
pylint ratchet: src/calculator/champions/azir.py scores 9.6774, below its recorded 9.6875 -- the per-file ratchet is non-decreasing (D-99)
pylint ratchet: src/calculator/champions/blitzcrank.py scores 9.7183, below its recorded 9.7222 -- the per-file ratchet is non-decreasing (D-99)
pylint ratchet: src/calculator/champions/camille.py scores 9.6809, below its recorded 9.6842 -- the per-file ratchet is non-decreasing (D-99)
pylint ratchet: src/calculator/champions/elise.py scores 9.5312, below its recorded 9.5385 -- the per-file ratchet is non-decreasing (D-99)
pylint ratchet: src/calculator/champions/fiddlesticks.py scores 9.4444, below its recorded 9.4521 -- the per-file ratchet is non-decreasing (D-99)
pylint ratchet: src/calculator/champions/graves.py scores 9.4048, below its recorded 9.4118 -- the per-file ratchet is non-decreasing (D-99)
pylint ratchet: src/calculator/champions/hecarim.py scores 9.2593, below its recorded 9.2683 -- the per-file ratchet is non-decreasing (D-99)
pylint ratchet: src/calculator/champions/heimerdinger.py scores 9.4737, below its recorded 9.4805 -- the per-file ratchet is non-decreasing (D-99)
pylint ratchet: src/calculator/champions/hwei.py scores 9.1919, below its recorded 9.2000 -- the per-file ratchet is non-decreasing (D-99)
pylint ratchet: src/calculator/champions/illaoi.py scores 8.5965, below its recorded 8.6207 -- the per-file ratchet is non-decreasing (D-99)
pylint ratchet: src/calculator/champions/ivern.py scores 9.5161, below its recorded 9.5238 -- the per-file ratchet is non-decreasing (D-99)
pylint ratchet: src/calculator/champions/jax.py scores 9.4286, below its recorded 9.4366 -- the per-file ratchet is non-decreasing (D-99)
pylint ratchet: src/calculator/champions/jinx.py scores 9.3617, below its recorded 9.8000 -- the per-file ratchet is non-decreasing (D-99)
pylint ratchet: src/calculator/champions/kalista.py scores 9.8000, below its recorded 9.8039 -- the per-file ratchet is non-decreasing (D-99)
pylint ratchet: src/calculator/champions/kassadin.py scores 9.2982, below its recorded 9.3103 -- the per-file ratchet is non-decreasing (D-99)
pylint ratchet: src/calculator/champions/ksante.py scores 9.5833, below its recorded 9.5890 -- the per-file ratchet is non-decreasing (D-99)
pylint ratchet: src/calculator/champions/malzahar.py scores 9.6667, below its recorded 9.7778 -- the per-file ratchet is non-decreasing (D-99)
pylint ratchet: src/calculator/champions/master_yi.py scores 9.6970, below its recorded 9.7436 -- the per-file ratchet is non-decreasing (D-99)
pylint ratchet: src/calculator/champions/nidalee.py scores 9.6552, below its recorded 9.6875 -- the per-file ratchet is non-decreasing (D-99)
pylint ratchet: src/calculator/champions/pantheon.py scores 9.7015, below its recorded 10.0000 -- the per-file ratchet is non-decreasing (D-99)
pylint ratchet: src/calculator/champions/rakan.py scores 9.5833, below its recorded 9.6000 -- the per-file ratchet is non-decreasing (D-99)
pylint ratchet: src/calculator/champions/renata_glasc.py scores 9.3939, below its recorded 10.0000 -- the per-file ratchet is non-decreasing (D-99)
pylint ratchet: src/calculator/champions/rengar.py scores 9.7561, below its recorded 10.0000 -- the per-file ratchet is non-decreasing (D-99)
pylint ratchet: src/calculator/champions/samira.py scores 9.4595, below its recorded 10.0000 -- the per-file ratchet is non-decreasing (D-99)
pylint ratchet: src/calculator/champions/senna.py scores 9.4118, below its recorded 9.8214 -- the per-file ratchet is non-decreasing (D-99)
pylint ratchet: src/calculator/champions/sett.py scores 9.7872, below its recorded 10.0000 -- the per-file ratchet is non-decreasing (D-99)
pylint ratchet: src/calculator/champions/shen.py scores 9.8913, below its recorded 9.8925 -- the per-file ratchet is non-decreasing (D-99)
pylint ratchet: src/calculator/champions/shyvana.py scores 9.8969, below its recorded 9.8980 -- the per-file ratchet is non-decreasing (D-99)
pylint ratchet: src/calculator/champions/smolder.py scores 9.2157, below its recorded 9.6721 -- the per-file ratchet is non-decreasing (D-99)
pylint ratchet: src/calculator/champions/tahm_kench.py scores 9.3750, below its recorded 9.3878 -- the per-file ratchet is non-decreasing (D-99)
pylint ratchet: src/calculator/champions/talon.py scores 9.1176, below its recorded 9.3333 -- the per-file ratchet is non-decreasing (D-99)
pylint ratchet: src/calculator/champions/thresh.py scores 9.2308, below its recorded 10.0000 -- the per-file ratchet is non-decreasing (D-99)
pylint ratchet: src/calculator/champions/urgot.py scores 9.5652, below its recorded 10.0000 -- the per-file ratchet is non-decreasing (D-99)
pylint ratchet: src/calculator/champions/varus.py scores 9.8810, below its recorded 9.8925 -- the per-file ratchet is non-decreasing (D-99)
pylint ratchet: src/calculator/champions/volibear.py scores 9.4118, below its recorded 9.7183 -- the per-file ratchet is non-decreasing (D-99)
pylint ratchet: src/calculator/champions/wukong.py scores 9.4915, below its recorded 9.5000 -- the per-file ratchet is non-decreasing (D-99)
pylint ratchet: src/calculator/champions/yasuo.py scores 9.6970, below its recorded 10.0000 -- the per-file ratchet is non-decreasing (D-99)
pylint ratchet: src/calculator/champions/yone.py scores 9.5455, below its recorded 10.0000 -- the per-file ratchet is non-decreasing (D-99)
pylint ratchet: src/calculator/champions/yorick.py scores 9.4737, below its recorded 9.8361 -- the per-file ratchet is non-decreasing (D-99)
pylint ratchet: src/calculator/champions/zaahen.py scores 9.2308, below its recorded 9.3182 -- the per-file ratchet is non-decreasing (D-99)
pylint ratchet: src/calculator/champions/zyra.py scores 9.4118, below its recorded 10.0000 -- the per-file ratchet is non-decreasing (D-99)
pylint ratchet: src/calculator/economy.py scores 9.5089, below its recorded 9.6047 -- the per-file ratchet is non-decreasing (D-99)
pylint ratchet: src/calculator/item_behavior.py scores 9.9313, below its recorded 9.9315 -- the per-file ratchet is non-decreasing (D-99)
pylint ratchet: src/calculator/item_behavior_catalog.py scores 9.9204, below its recorded 9.9218 -- the per-file ratchet is non-decreasing (D-99)
pylint ratchet: src/calculator/optimizer.py scores 9.6239, below its recorded 9.6253 -- the per-file ratchet is non-decreasing (D-99)
pylint ratchet: src/calculator/scenario.py scores 9.7222, below its recorded 9.7297 -- the per-file ratchet is non-decreasing (D-99)
exit=1
